../application/source/interfaces/HX8353E_display.c:65:9:displaySetPixel	0	static
../application/source/interfaces/HX8353E_display.c:106:5:displayPrintCore	72	static
../application/source/interfaces/HX8353E_display.c:220:6:displayClearBuf	0	static
../application/source/interfaces/HX8353E_display.c:229:6:displayClearRows	8	static
../application/source/interfaces/HX8353E_display.c:250:6:displayPrintCentered	16	static
../application/source/interfaces/HX8353E_display.c:255:6:displayPrintAt	16	static
../application/source/interfaces/HX8353E_display.c:261:6:displayDrawLine	48	static
../application/source/interfaces/HX8353E_display.c:317:6:displayDrawCircle	56	static
../application/source/interfaces/HX8353E_display.c:354:6:displayDrawCircleHelper	56	static
../application/source/interfaces/HX8353E_display.c:715:6:displayDrawEllipse	56	static
../application/source/interfaces/HX8353E_display.c:765:6:displayDrawTriangle	40	static
../application/source/interfaces/HX8353E_display.c:931:6:displayFillRect	20	static
../application/source/interfaces/HX8353E_display.c:306:6:displayDrawFastVLine	16	static
../application/source/interfaces/HX8353E_display.c:404:6:displayFillCircleHelper	72	static
../application/source/interfaces/HX8353E_display.c:439:6:displayFillCircle	32	static
../application/source/interfaces/HX8353E_display.c:461:6:displayFillArcOffsetted	120	static
../application/source/interfaces/HX8353E_display.c:700:6:displayFillArc	16	static
../application/source/interfaces/HX8353E_display.c:311:6:displayDrawFastHLine	16	static
../application/source/interfaces/HX8353E_display.c:775:6:displayFillTriangle	80	static
../application/source/interfaces/HX8353E_display.c:881:6:displayDrawRoundRect	64	static
../application/source/interfaces/HX8353E_display.c:920:6:displayDrawRect	32	static
../application/source/interfaces/HX8353E_display.c:898:6:displayFillRoundRect	56	static
../application/source/interfaces/HX8353E_display.c:910:6:displayDrawRoundRectWithDropShadow	48	static
../application/source/interfaces/HX8353E_display.c:948:6:displayDrawRectWithDropShadow	40	static
../application/source/interfaces/HX8353E_display.c:958:6:displayDrawBitmap	64	static
../application/source/interfaces/HX8353E_display.c:987:6:displayDrawXBitmap	64	static
../application/source/interfaces/HX8353E_display.c:1014:6:displayDrawChoice	72	static
../application/source/interfaces/HX8353E_display.c:1108:11:displayGetScreenBuffer	0	static
../application/source/interfaces/HX8353E_display.c:1113:6:displayRestorePrimaryScreenBuffer	0	static
../application/source/interfaces/HX8353E_display.c:1118:11:displayGetPrimaryScreenBuffer	0	static
../application/source/interfaces/HX8353E_display.c:1123:6:displayOverrideScreenBuffer	0	static
../application/source/interfaces/HX8353E_display.c:1139:6:displayRenderRows	48	static
../application/source/interfaces/HX8353E_display.c:79:6:displayRenderWithoutNotification	8	static
../application/source/interfaces/HX8353E_display.c:85:6:displayRender	0	static
../application/source/interfaces/HX8353E_display.c:1196:6:displaySetInverseVideo	0	static
../application/source/interfaces/HX8353E_display.c:1203:6:displayBegin	8	static
../application/source/interfaces/HX8353E_display.c:1212:6:displaySetContrast	0	static
../application/source/interfaces/HX8353E_display.c:1217:10:displayR8G8B8ToNative	0	static
../application/source/interfaces/HX8353E_display.c:1226:6:displaySetBackgroundColour	8	static
../application/source/interfaces/HX8353E_display.c:1231:6:displaySetForegroundColour	8	static
../application/source/interfaces/HX8353E_display.c:1236:10:displayGetForegroundColour	0	static
../application/source/interfaces/HX8353E_display.c:1242:10:displayGetBackgroundColour	0	static
../application/source/interfaces/HX8353E_display.c:1249:6:displaySetDisplayPowerMode	0	static
../application/source/interfaces/HX8353E_display.c:1259:6:displayConvertGD77ImageData	36	static
