../Middlewares/Third_Party/FreeRTOS/Source/CMSIS_RTOS_V2/cmsis_os2.c:939:13:TimerCallback	8	static
../Middlewares/Third_Party/FreeRTOS/Source/CMSIS_RTOS_V2/cmsis_os2.c:159:6:SysTick_Handler	8	static
../Middlewares/Third_Party/FreeRTOS/Source/CMSIS_RTOS_V2/cmsis_os2.c:198:12:osKernelInitialize	0	static,ignoring_inline_asm
../Middlewares/Third_Party/FreeRTOS/Source/CMSIS_RTOS_V2/cmsis_os2.c:222:12:osKernelGetInfo	8	static
../Middlewares/Third_Party/FreeRTOS/Source/CMSIS_RTOS_V2/cmsis_os2.c:240:17:osKernelGetState	8	static
../Middlewares/Third_Party/FreeRTOS/Source/CMSIS_RTOS_V2/cmsis_os2.c:267:12:osKernelStart	16	static,ignoring_inline_asm
../Middlewares/Third_Party/FreeRTOS/Source/CMSIS_RTOS_V2/cmsis_os2.c:298:9:osKernelLock	8	static,ignoring_inline_asm
../Middlewares/Third_Party/FreeRTOS/Source/CMSIS_RTOS_V2/cmsis_os2.c:325:9:osKernelUnlock	8	static,ignoring_inline_asm
../Middlewares/Third_Party/FreeRTOS/Source/CMSIS_RTOS_V2/cmsis_os2.c:357:9:osKernelRestoreLock	8	static,ignoring_inline_asm
../Middlewares/Third_Party/FreeRTOS/Source/CMSIS_RTOS_V2/cmsis_os2.c:393:10:osKernelGetTickCount	0	static,ignoring_inline_asm
../Middlewares/Third_Party/FreeRTOS/Source/CMSIS_RTOS_V2/cmsis_os2.c:405:10:osKernelGetTickFreq	0	static
../Middlewares/Third_Party/FreeRTOS/Source/CMSIS_RTOS_V2/cmsis_os2.c:425:10:osKernelGetSysTimerCount	16	static,ignoring_inline_asm
../Middlewares/Third_Party/FreeRTOS/Source/CMSIS_RTOS_V2/cmsis_os2.c:448:10:osKernelGetSysTimerFreq	0	static
../Middlewares/Third_Party/FreeRTOS/Source/CMSIS_RTOS_V2/cmsis_os2.c:454:14:osThreadNew	48	static,ignoring_inline_asm
../Middlewares/Third_Party/FreeRTOS/Source/CMSIS_RTOS_V2/cmsis_os2.c:522:13:osThreadGetName	0	static,ignoring_inline_asm
../Middlewares/Third_Party/FreeRTOS/Source/CMSIS_RTOS_V2/cmsis_os2.c:535:14:osThreadGetId	0	static
../Middlewares/Third_Party/FreeRTOS/Source/CMSIS_RTOS_V2/cmsis_os2.c:543:17:osThreadGetState	8	static,ignoring_inline_asm
../Middlewares/Third_Party/FreeRTOS/Source/CMSIS_RTOS_V2/cmsis_os2.c:565:10:osThreadGetStackSpace	8	static,ignoring_inline_asm
../Middlewares/Third_Party/FreeRTOS/Source/CMSIS_RTOS_V2/cmsis_os2.c:578:12:osThreadSetPriority	8	static,ignoring_inline_asm
../Middlewares/Third_Party/FreeRTOS/Source/CMSIS_RTOS_V2/cmsis_os2.c:596:14:osThreadGetPriority	0	static,ignoring_inline_asm
../Middlewares/Third_Party/FreeRTOS/Source/CMSIS_RTOS_V2/cmsis_os2.c:609:12:osThreadYield	0	static,ignoring_inline_asm
../Middlewares/Third_Party/FreeRTOS/Source/CMSIS_RTOS_V2/cmsis_os2.c:623:12:osThreadSuspend	8	static,ignoring_inline_asm
../Middlewares/Third_Party/FreeRTOS/Source/CMSIS_RTOS_V2/cmsis_os2.c:641:12:osThreadResume	8	static,ignoring_inline_asm
../Middlewares/Third_Party/FreeRTOS/Source/CMSIS_RTOS_V2/cmsis_os2.c:660:18:osThreadExit	8	static
../Middlewares/Third_Party/FreeRTOS/Source/CMSIS_RTOS_V2/cmsis_os2.c:667:12:osThreadTerminate	16	static,ignoring_inline_asm
../Middlewares/Third_Party/FreeRTOS/Source/CMSIS_RTOS_V2/cmsis_os2.c:696:10:osThreadGetCount	0	static,ignoring_inline_asm
../Middlewares/Third_Party/FreeRTOS/Source/CMSIS_RTOS_V2/cmsis_os2.c:709:10:osThreadEnumerate	32	static,ignoring_inline_asm
../Middlewares/Third_Party/FreeRTOS/Source/CMSIS_RTOS_V2/cmsis_os2.c:739:10:osThreadFlagsSet	32	static,ignoring_inline_asm
../Middlewares/Third_Party/FreeRTOS/Source/CMSIS_RTOS_V2/cmsis_os2.c:767:10:osThreadFlagsClear	32	static,ignoring_inline_asm
../Middlewares/Third_Party/FreeRTOS/Source/CMSIS_RTOS_V2/cmsis_os2.c:797:10:osThreadFlagsGet	16	static,ignoring_inline_asm
../Middlewares/Third_Party/FreeRTOS/Source/CMSIS_RTOS_V2/cmsis_os2.c:815:10:osThreadFlagsWait	48	static,ignoring_inline_asm
../Middlewares/Third_Party/FreeRTOS/Source/CMSIS_RTOS_V2/cmsis_os2.c:891:12:osDelay	8	static,ignoring_inline_asm
../Middlewares/Third_Party/FreeRTOS/Source/CMSIS_RTOS_V2/cmsis_os2.c:908:12:osDelayUntil	24	static,ignoring_inline_asm
../Middlewares/Third_Party/FreeRTOS/Source/CMSIS_RTOS_V2/cmsis_os2.c:949:13:osTimerNew	32	static,ignoring_inline_asm
../Middlewares/Third_Party/FreeRTOS/Source/CMSIS_RTOS_V2/cmsis_os2.c:1015:13:osTimerGetName	0	static,ignoring_inline_asm
../Middlewares/Third_Party/FreeRTOS/Source/CMSIS_RTOS_V2/cmsis_os2.c:1028:12:osTimerStart	16	static,ignoring_inline_asm
../Middlewares/Third_Party/FreeRTOS/Source/CMSIS_RTOS_V2/cmsis_os2.c:1049:12:osTimerStop	24	static,ignoring_inline_asm
../Middlewares/Third_Party/FreeRTOS/Source/CMSIS_RTOS_V2/cmsis_os2.c:1075:10:osTimerIsRunning	0	static,ignoring_inline_asm
../Middlewares/Third_Party/FreeRTOS/Source/CMSIS_RTOS_V2/cmsis_os2.c:1088:12:osTimerDelete	24	static,ignoring_inline_asm
../Middlewares/Third_Party/FreeRTOS/Source/CMSIS_RTOS_V2/cmsis_os2.c:1120:18:osEventFlagsNew	0	static,ignoring_inline_asm
../Middlewares/Third_Party/FreeRTOS/Source/CMSIS_RTOS_V2/cmsis_os2.c:1160:10:osEventFlagsSet	16	static,ignoring_inline_asm
../Middlewares/Third_Party/FreeRTOS/Source/CMSIS_RTOS_V2/cmsis_os2.c:1191:10:osEventFlagsClear	16	static,ignoring_inline_asm
../Middlewares/Third_Party/FreeRTOS/Source/CMSIS_RTOS_V2/cmsis_os2.c:1217:10:osEventFlagsGet	0	static,ignoring_inline_asm
../Middlewares/Third_Party/FreeRTOS/Source/CMSIS_RTOS_V2/cmsis_os2.c:1234:10:osEventFlagsWait	24	static,ignoring_inline_asm
../Middlewares/Third_Party/FreeRTOS/Source/CMSIS_RTOS_V2/cmsis_os2.c:1284:12:osEventFlagsDelete	8	static,ignoring_inline_asm
../Middlewares/Third_Party/FreeRTOS/Source/CMSIS_RTOS_V2/cmsis_os2.c:1309:13:osMutexNew	16	static,ignoring_inline_asm
../Middlewares/Third_Party/FreeRTOS/Source/CMSIS_RTOS_V2/cmsis_os2.c:1396:12:osMutexAcquire	8	static,ignoring_inline_asm
../Middlewares/Third_Party/FreeRTOS/Source/CMSIS_RTOS_V2/cmsis_os2.c:1439:12:osMutexRelease	8	static,ignoring_inline_asm
../Middlewares/Third_Party/FreeRTOS/Source/CMSIS_RTOS_V2/cmsis_os2.c:1474:14:osMutexGetOwner	0	static,ignoring_inline_asm
../Middlewares/Third_Party/FreeRTOS/Source/CMSIS_RTOS_V2/cmsis_os2.c:1489:12:osMutexDelete	16	static,ignoring_inline_asm
../Middlewares/Third_Party/FreeRTOS/Source/CMSIS_RTOS_V2/cmsis_os2.c:1519:17:osSemaphoreNew	32	static,ignoring_inline_asm
../Middlewares/Third_Party/FreeRTOS/Source/CMSIS_RTOS_V2/cmsis_os2.c:1594:12:osSemaphoreAcquire	16	static,ignoring_inline_asm
../Middlewares/Third_Party/FreeRTOS/Source/CMSIS_RTOS_V2/cmsis_os2.c:1631:12:osSemaphoreRelease	16	static,ignoring_inline_asm
../Middlewares/Third_Party/FreeRTOS/Source/CMSIS_RTOS_V2/cmsis_os2.c:1659:10:osSemaphoreGetCount	0	static,ignoring_inline_asm
../Middlewares/Third_Party/FreeRTOS/Source/CMSIS_RTOS_V2/cmsis_os2.c:1675:12:osSemaphoreDelete	16	static,ignoring_inline_asm
../Middlewares/Third_Party/FreeRTOS/Source/CMSIS_RTOS_V2/cmsis_os2.c:1703:20:osMessageQueueNew	32	static,ignoring_inline_asm
../Middlewares/Third_Party/FreeRTOS/Source/CMSIS_RTOS_V2/cmsis_os2.c:1760:12:osMessageQueuePut	24	static,ignoring_inline_asm
../Middlewares/Third_Party/FreeRTOS/Source/CMSIS_RTOS_V2/cmsis_os2.c:1801:12:osMessageQueueGet	24	static,ignoring_inline_asm
../Middlewares/Third_Party/FreeRTOS/Source/CMSIS_RTOS_V2/cmsis_os2.c:1842:10:osMessageQueueGetCapacity	0	static
../Middlewares/Third_Party/FreeRTOS/Source/CMSIS_RTOS_V2/cmsis_os2.c:1856:10:osMessageQueueGetMsgSize	0	static
../Middlewares/Third_Party/FreeRTOS/Source/CMSIS_RTOS_V2/cmsis_os2.c:1870:10:osMessageQueueGetCount	0	static
../Middlewares/Third_Party/FreeRTOS/Source/CMSIS_RTOS_V2/cmsis_os2.c:1887:10:osMessageQueueGetSpace	0	static,ignoring_inline_asm
../Middlewares/Third_Party/FreeRTOS/Source/CMSIS_RTOS_V2/cmsis_os2.c:1910:12:osMessageQueueReset	8	static,ignoring_inline_asm
../Middlewares/Third_Party/FreeRTOS/Source/CMSIS_RTOS_V2/cmsis_os2.c:1928:12:osMessageQueueDelete	0	static
../Middlewares/Third_Party/FreeRTOS/Source/CMSIS_RTOS_V2/cmsis_os2.c:1962:18:osMemoryPoolNew	40	static,ignoring_inline_asm
../Middlewares/Third_Party/FreeRTOS/Source/CMSIS_RTOS_V2/cmsis_os2.c:2079:13:osMemoryPoolGetName	0	static,ignoring_inline_asm
../Middlewares/Third_Party/FreeRTOS/Source/CMSIS_RTOS_V2/cmsis_os2.c:2096:7:osMemoryPoolAlloc	16	static,ignoring_inline_asm
../Middlewares/Third_Party/FreeRTOS/Source/CMSIS_RTOS_V2/cmsis_os2.c:2153:12:osMemoryPoolFree	24	static,ignoring_inline_asm
../Middlewares/Third_Party/FreeRTOS/Source/CMSIS_RTOS_V2/cmsis_os2.c:2215:10:osMemoryPoolGetCapacity	0	static
../Middlewares/Third_Party/FreeRTOS/Source/CMSIS_RTOS_V2/cmsis_os2.c:2239:10:osMemoryPoolGetBlockSize	0	static
../Middlewares/Third_Party/FreeRTOS/Source/CMSIS_RTOS_V2/cmsis_os2.c:2263:10:osMemoryPoolGetCount	8	static,ignoring_inline_asm
../Middlewares/Third_Party/FreeRTOS/Source/CMSIS_RTOS_V2/cmsis_os2.c:2293:10:osMemoryPoolGetSpace	0	static,ignoring_inline_asm
../Middlewares/Third_Party/FreeRTOS/Source/CMSIS_RTOS_V2/cmsis_os2.c:2321:12:osMemoryPoolDelete	8	static,ignoring_inline_asm
../Middlewares/Third_Party/FreeRTOS/Source/CMSIS_RTOS_V2/cmsis_os2.c:2469:13:vApplicationGetIdleTaskMemory	0	static
../Middlewares/Third_Party/FreeRTOS/Source/CMSIS_RTOS_V2/cmsis_os2.c:2483:13:vApplicationGetTimerTaskMemory	0	static
