../Middlewares/Third_Party/FreeRTOS/Source/tasks.c:1077:13:prvAddNewTaskToReadyList	24	static,ignoring_inline_asm
../Middlewares/Third_Party/FreeRTOS/Source/tasks.c:5183:13:prvAddCurrentTaskToDelayedList	24	static
../Middlewares/Third_Party/FreeRTOS/Source/tasks.c:1805:20:prvTaskIsTaskSuspended	0	static,ignoring_inline_asm
../Middlewares/Third_Party/FreeRTOS/Source/tasks.c:3949:13:prvResetNextTaskUnblockTime	0	static
../Middlewares/Third_Party/FreeRTOS/Source/tasks.c:3893:14:prvDeleteTCB	8	static,ignoring_inline_asm
../Middlewares/Third_Party/FreeRTOS/Source/tasks.c:3398:8:prvIdleTask	8	static,ignoring_inline_asm
../Middlewares/Third_Party/FreeRTOS/Source/tasks.c:824:13:prvInitialiseNewTask.constprop	32	static
../Middlewares/Third_Party/FreeRTOS/Source/tasks.c:581:15:xTaskCreateStatic	40	static,ignoring_inline_asm
../Middlewares/Third_Party/FreeRTOS/Source/tasks.c:733:13:xTaskCreate	48	static
../Middlewares/Third_Party/FreeRTOS/Source/tasks.c:1162:7:vTaskDelete	16	static,ignoring_inline_asm
../Middlewares/Third_Party/FreeRTOS/Source/tasks.c:1386:13:eTaskGetState	24	static,ignoring_inline_asm
../Middlewares/Third_Party/FreeRTOS/Source/tasks.c:1478:14:uxTaskPriorityGet	16	static
../Middlewares/Third_Party/FreeRTOS/Source/tasks.c:1500:14:uxTaskPriorityGetFromISR	8	static,ignoring_inline_asm
../Middlewares/Third_Party/FreeRTOS/Source/tasks.c:1540:7:vTaskPrioritySet	24	static,ignoring_inline_asm
../Middlewares/Third_Party/FreeRTOS/Source/tasks.c:1851:7:vTaskResume	24	static,ignoring_inline_asm
../Middlewares/Third_Party/FreeRTOS/Source/tasks.c:1905:13:xTaskResumeFromISR	24	static,ignoring_inline_asm
../Middlewares/Third_Party/FreeRTOS/Source/tasks.c:1977:6:vTaskStartScheduler	48	static,ignoring_inline_asm
../Middlewares/Third_Party/FreeRTOS/Source/tasks.c:2105:6:vTaskEndScheduler	0	static,ignoring_inline_asm
../Middlewares/Third_Party/FreeRTOS/Source/tasks.c:2116:6:vTaskSuspendAll	0	static,ignoring_inline_asm
../Middlewares/Third_Party/FreeRTOS/Source/tasks.c:2310:12:xTaskGetTickCount	0	static
../Middlewares/Third_Party/FreeRTOS/Source/tasks.c:2325:12:xTaskGetTickCountFromISR	8	static
../Middlewares/Third_Party/FreeRTOS/Source/tasks.c:2356:13:uxTaskGetNumberOfTasks	0	static
../Middlewares/Third_Party/FreeRTOS/Source/tasks.c:2364:7:pcTaskGetName	0	static,ignoring_inline_asm
../Middlewares/Third_Party/FreeRTOS/Source/tasks.c:2713:12:xTaskIncrementTick	48	static,ignoring_inline_asm
../Middlewares/Third_Party/FreeRTOS/Source/tasks.c:2200:12:xTaskResumeAll	32	static,ignoring_inline_asm
../Middlewares/Third_Party/FreeRTOS/Source/tasks.c:1257:7:vTaskDelayUntil	8	static,ignoring_inline_asm
../Middlewares/Third_Party/FreeRTOS/Source/tasks.c:1341:7:vTaskDelay	8	static,ignoring_inline_asm
../Middlewares/Third_Party/FreeRTOS/Source/tasks.c:2615:12:xTaskCatchUpTicks	8	static,ignoring_inline_asm
../Middlewares/Third_Party/FreeRTOS/Source/tasks.c:2995:6:vTaskSwitchContext	16	static,ignoring_inline_asm
../Middlewares/Third_Party/FreeRTOS/Source/tasks.c:1704:7:vTaskSuspend	16	static,ignoring_inline_asm
../Middlewares/Third_Party/FreeRTOS/Source/tasks.c:3070:6:vTaskPlaceOnEventList	8	static,ignoring_inline_asm
../Middlewares/Third_Party/FreeRTOS/Source/tasks.c:3087:6:vTaskPlaceOnUnorderedEventList	8	static,ignoring_inline_asm
../Middlewares/Third_Party/FreeRTOS/Source/tasks.c:3113:7:vTaskPlaceOnEventListRestricted	16	static,ignoring_inline_asm
../Middlewares/Third_Party/FreeRTOS/Source/tasks.c:3144:12:xTaskRemoveFromEventList	16	static,ignoring_inline_asm
../Middlewares/Third_Party/FreeRTOS/Source/tasks.c:3212:6:vTaskRemoveFromUnorderedEventList	16	static,ignoring_inline_asm
../Middlewares/Third_Party/FreeRTOS/Source/tasks.c:3260:6:vTaskSetTimeOutState	8	static,ignoring_inline_asm
../Middlewares/Third_Party/FreeRTOS/Source/tasks.c:3272:6:vTaskInternalSetTimeOutState	0	static
../Middlewares/Third_Party/FreeRTOS/Source/tasks.c:3280:12:xTaskCheckForTimeOut	16	static,ignoring_inline_asm
../Middlewares/Third_Party/FreeRTOS/Source/tasks.c:3343:6:vTaskMissedYield	0	static
../Middlewares/Third_Party/FreeRTOS/Source/tasks.c:3351:14:uxTaskGetTaskNumber	0	static
../Middlewares/Third_Party/FreeRTOS/Source/tasks.c:3374:7:vTaskSetTaskNumber	0	static
../Middlewares/Third_Party/FreeRTOS/Source/tasks.c:3676:7:vTaskGetInfo	16	static
../Middlewares/Third_Party/FreeRTOS/Source/tasks.c:3772:21:prvListTasksWithinSingleList	40	static
../Middlewares/Third_Party/FreeRTOS/Source/tasks.c:2511:14:uxTaskGetSystemState	32	static
../Middlewares/Third_Party/FreeRTOS/Source/tasks.c:3865:14:uxTaskGetStackHighWaterMark	0	static
../Middlewares/Third_Party/FreeRTOS/Source/tasks.c:3975:15:xTaskGetCurrentTaskHandle	0	static
../Middlewares/Third_Party/FreeRTOS/Source/tasks.c:3992:13:xTaskGetSchedulerState	0	static
../Middlewares/Third_Party/FreeRTOS/Source/tasks.c:4020:13:xTaskPriorityInherit	24	static
../Middlewares/Third_Party/FreeRTOS/Source/tasks.c:4110:13:xTaskPriorityDisinherit	16	static,ignoring_inline_asm
../Middlewares/Third_Party/FreeRTOS/Source/tasks.c:4190:7:vTaskPriorityDisinheritAfterTimeout	24	static,ignoring_inline_asm
../Middlewares/Third_Party/FreeRTOS/Source/tasks.c:4608:12:uxTaskResetEventItemValue	0	static
../Middlewares/Third_Party/FreeRTOS/Source/tasks.c:4624:15:pvTaskIncrementMutexHeldCount	0	static
../Middlewares/Third_Party/FreeRTOS/Source/tasks.c:4641:11:ulTaskNotifyTake	16	static,ignoring_inline_asm
../Middlewares/Third_Party/FreeRTOS/Source/tasks.c:4709:13:xTaskNotifyWait	24	static,ignoring_inline_asm
../Middlewares/Third_Party/FreeRTOS/Source/tasks.c:4789:13:xTaskGenericNotify	32	static,ignoring_inline_asm
../Middlewares/Third_Party/FreeRTOS/Source/tasks.c:4903:13:xTaskGenericNotifyFromISR	40	static,ignoring_inline_asm
../Middlewares/Third_Party/FreeRTOS/Source/tasks.c:5032:7:vTaskNotifyGiveFromISR	24	static,ignoring_inline_asm
../Middlewares/Third_Party/FreeRTOS/Source/tasks.c:5118:13:xTaskNotifyStateClear	8	static
../Middlewares/Third_Party/FreeRTOS/Source/tasks.c:5149:11:ulTaskNotifyValueClear	24	static
