../Core/Src/stm32f4xx_it.c:79:6:NMI_Handler	0	static
../Core/Src/stm32f4xx_it.c:92:6:HardFault_Handler	8	static
../Core/Src/stm32f4xx_it.c:110:6:MemManage_Handler	8	static
../Core/Src/stm32f4xx_it.c:128:6:BusFault_Handler	8	static
../Core/Src/stm32f4xx_it.c:146:6:UsageFault_Handler	8	static
../Core/Src/stm32f4xx_it.c:164:6:DebugMon_Handler	8	static
../Core/Src/stm32f4xx_it.c:185:6:EXTI0_IRQHandler	0	static
../Core/Src/stm32f4xx_it.c:199:6:EXTI1_IRQHandler	0	static
../Core/Src/stm32f4xx_it.c:213:6:EXTI2_IRQHandler	0	static
../Core/Src/stm32f4xx_it.c:227:6:DMA1_Stream0_IRQHandler	0	static
../Core/Src/stm32f4xx_it.c:241:6:DMA1_Stream5_IRQHandler	0	static
../Core/Src/stm32f4xx_it.c:255:6:USART1_IRQHandler	0	static
../Core/Src/stm32f4xx_it.c:269:6:EXTI15_10_IRQHandler	0	static
../Core/Src/stm32f4xx_it.c:283:6:TIM8_TRG_COM_TIM14_IRQHandler	0	static
../Core/Src/stm32f4xx_it.c:297:6:DMA2_Stream1_IRQHandler	0	static
../Core/Src/stm32f4xx_it.c:311:6:DMA2_Stream2_IRQHandler	0	static
../Core/Src/stm32f4xx_it.c:325:6:DMA2_Stream4_IRQHandler	0	static
../Core/Src/stm32f4xx_it.c:339:6:OTG_FS_IRQHandler	0	static
../Core/Src/stm32f4xx_it.c:353:6:HAL_GPIO_EXTI_Callback	0	static
../Core/Src/stm32f4xx_it.c:356:6:HAL_IncTick	0	static
