../Core/Src/stm32f4xx_hal_msp.c:73:6:HAL_MspInit	8	static
../Core/Src/stm32f4xx_hal_msp.c:97:6:HAL_ADC_MspInit	48	static
../Core/Src/stm32f4xx_hal_msp.c:151:6:HAL_ADC_MspDeInit	8	static
../Core/Src/stm32f4xx_hal_msp.c:183:6:HAL_DAC_MspInit	40	static
../Core/Src/stm32f4xx_hal_msp.c:216:6:HAL_DAC_MspDeInit	0	static
../Core/Src/stm32f4xx_hal_msp.c:244:6:HAL_I2C_MspInit	56	static
../Core/Src/stm32f4xx_hal_msp.c:288:6:HAL_I2C_MspDeInit	8	static
../Core/Src/stm32f4xx_hal_msp.c:319:6:HAL_I2S_MspInit	72	static
../Core/Src/stm32f4xx_hal_msp.c:421:6:HAL_I2S_MspDeInit	8	static
../Core/Src/stm32f4xx_hal_msp.c:457:6:HAL_RTC_MspInit	24	static
../Core/Src/stm32f4xx_hal_msp.c:490:6:HAL_RTC_MspDeInit	0	static
../Core/Src/stm32f4xx_hal_msp.c:512:6:HAL_SPI_MspInit	48	static
../Core/Src/stm32f4xx_hal_msp.c:574:6:HAL_SPI_MspDeInit	0	static
../Core/Src/stm32f4xx_hal_msp.c:623:6:HAL_TIM_Base_MspInit	24	static
../Core/Src/stm32f4xx_hal_msp.c:676:6:HAL_TIM_OC_MspInit	8	static
../Core/Src/stm32f4xx_hal_msp.c:709:6:HAL_TIM_Base_MspDeInit	0	static
../Core/Src/stm32f4xx_hal_msp.c:745:6:HAL_TIM_OC_MspDeInit	0	static
../Core/Src/stm32f4xx_hal_msp.c:778:6:HAL_UART_MspInit	48	static
../Core/Src/stm32f4xx_hal_msp.c:836:6:HAL_UART_MspDeInit	8	static
